#-----------------------------------------------------------
# Vivado v2018.3 (64-bit)
# SW Build 2405991 on Thu Dec  6 23:38:27 MST 2018
# IP Build 2404404 on Fri Dec  7 01:43:56 MST 2018
# Start of session at: Wed Jul 23 16:00:46 2025
# Process ID: 37636
# Current directory: C:/Users/Antonio/Desktop/progetto reti/Reti2025
# Command line: vivado.exe -gui_launcher_event rodinguilauncherevent45260 C:\Users\Antonio\Desktop\progetto reti\Reti2025\esempio_funzionamento.xpr
# Log file: C:/Users/Antonio/Desktop/progetto reti/Reti2025/vivado.log
# Journal file: C:/Users/Antonio/Desktop/progetto reti/Reti2025\vivado.jou
#------------------------------------------------start_gui
open_projectopen_project {C:/Users/Antonio/Desktop/progetto reti/Reti2025/eseINFO: [Project 1-313] PrINFO: [Project 1-313] Project file moved from 'C:/Users/Antonio/Desktop/progetto reti/esempio_funzionamento' sFinished scanninWARNING: [WARNING: [filemgmt 56-2] IPUserFilesDir: Could not find the directory 'C:/Users/Antonio/Desktop/progetto reti/Reti2025/project_1.ip_user_files', nor could it be found using path 'C:/Users/Antonio/Desktop/progetto reti/project_1/project_1.ip_user_files'.
INFO: [IP_Flow 19-234] Refreshing IP repositories
INFO: [IP_Flow 19-1704] No user IP repositories specified
INFO: [IP_Flow 19-2313] Loaded Vivado IP repository 'C:/Xilinx/Vivado/2018.3/data/ip'.
open_project: Time (s): cpu = 00:00:13 ; elapsed = 00:00:12 . Memory (MB): peak = 770.465 ; gain = 152.688
set_property target_language VHDL [current_project]
file mkdir C:/Users/Antonio/Desktop/progetto reti/Reti2025/project_1.srcs/constrs_1
file mkdir C:/Users/Antonio/Desktop/progetto reti/Reti2025/project_1.srcs/constrs_1
file mkdir C:/Users/Antonio/Desktop/progetto reti/Reti2025/project_1.srcs/constrs_1/new
file mkdir C:/Users/Antonio/Desktop/progetto reti/Reti2025/project_1.srcs/constrs_1/new
file mkdir C:/Users/Antonio/Desktop/progetto reti/Reti2025/project_1.srcs/constrs_1/new
file mkdir C:/Users/Antonio/Desktop/progetto reti/Reti2025/project_1.srcs/constrs_1/new
file mkdir C:/Users/Antonio/Desktop/progetto reti/Reti2025/project_1.srcs/constrs_1
file mkdir {C:/Users/Antonio/Desktop/progetto reti/Reti2025/project_1.srcs/constrs_1/new}
close [ open {C:/Users/Antonio/Desktop/progetto reti/Reti2025/project_1.srcs/constrs_1/new/clock.xdc} w ]
add_files -fileset constrs_1 {{C:/Users/Antonio/Desktop/progetto reti/Reti2025/project_1.srcs/constrs_1/new/clock.xdc}}
file mkdir C:/Users/Antoexit
INFO: [Common 17-206] Exiting Vivado at Wed Jul 23 18:20:05 2025...
r C:/Users/Antonio/Desktop/progetto reti/Reti2025/project_1.srcs/sources_1/new
file mkdir C:/Users/Antonio/Desktop/progetto reti/Reti2025/project_1.srcs/sources_1/new
file mkdir C:/Users/Antonio/Desktop/progetto reti/Reti2025/project_1.srcs/sources_1/new
file mkdir C:/Users/Antonio/Desktop/progetto reti/Reti2025/project_1.srcs/sources_1/new
file mkdir C:/Users/Antonio/Desktop/progetto reti/Reti2025/project_1.srcs/sources_1/new
file mkdir {C:/Users/Antonio/Desktop/progetto reti/Reti2025/project_1.srcs/sources_1/new}
close [ open {C:/Users/Antonio/Desktop/progetto reti/Reti2025/project_1.srcs/sources_1/new/project_reti_logiche.vhd} w ]
add_files {{C:/Users/Antonio/Desktop/progetto reti/Reti2025/project_1.srcs/sources_1/new/project_reti_logiche.vhd}}
update_compile_order -fileset sources_1
export_ip_user_files -of_objects  [get_files {{C:/Users/Antonio/Desktop/progetto reti/Reti2025/project_1.srcs/sources_1/new/project_reti_logiche.vhd}}] -no_script -reset -force -quiet
remove_files  {{C:/Users/Antonio/Desktop/progetto reti/Reti2025/project_1.srcs/sources_1/new/project_reti_logiche.vhd}}
remove_files  {{C:/Users/Antonio/Desktop/progetto reti/Reti2025/project_1.srcs/sources_1/new/project_reti_logiche.vhd}}
WARNING: [Vivado 12-818] No files matched 'C:/Users/Antonio/Desktop/progetto reti/Reti2025/project_1.srcs/sources_1/new/project_reti_logiche.vhd'
file delete -force {C:/Users/Antonio/Desktop/progetto reti/Reti2025/project_1.srcs/sources_1/new/project_reti_logiche.vhd}
close [ open {C:/Users/Antonio/Desktop/progetto reti/Reti2025/project_1.srcs/sources_1/new/project_reti_logiche.vhd} w ]
add_files {{C:/Users/Antonio/Desktop/progetto reti/Reti2025/project_1.srcs/sources_1/new/project_reti_logiche.vhd}}
WARNING: [filemgmt 56-199] Attempt to get parsing info during refresh. "On-the-fly" syntax checking information may be incorrect. [C:/Users/Antonio/Desktop/progetto reti/Reti2025/project_1.srcs/sources_1/new/project_reti_logiche.vhd:]
ERROR: [Common 17-180] Spawn failed: No error
WARNING: [filemgmt 56-199] Attempt to get parsing info during refresh. "On-the-fly" syntax checking information may be incorrect. [C:/Users/Antonio/Desktop/progetto reti/Reti2025/project_1.srcs/sources_1/new/project_reti_logiche.vhd:]
ERROR: [Common 17-180] Spawn failed: No error
WARNING: [filemgmt 56-199] Attempt to get parsing info during refresh. "On-the-fly" syntax checking information may be incorrect. [C:/Users/Antonio/Desktop/progetto reti/Reti2025/project_1.srcs/sources_1/new/project_reti_logiche.vhd:]
ERROR: [Common 17-180] Spawn failed: No error
WARNING: [filemgmt 56-199] Attempt to get parsing info during refresh. "On-the-fly" syntax checking information may be incorrect. [C:/Users/Antonio/Desktop/progetto reti/Reti2025/project_1.srcs/sources_1/new/project_reti_logiche.vhd:]
ERROR: [Common 17-180] Spawn failed: No error
WARNING: [filemgmt 56-199] Attempt to get parsing info during refresh. "On-the-fly" syntax checking information may be incorrect. [C:/Users/Antonio/Desktop/progetto reti/Reti2025/project_1.srcs/sources_1/new/project_reti_logiche.vhd:]
ERROR: [Common 17-180] Spawn failed: No error
WARNING: [filemgmt 56-199] Attempt to get parsing info during refresh. "On-the-fly" syntax checking information may be incorrect. [C:/Users/Antonio/Desktop/progetto reti/Reti2025/project_1.srcs/sources_1/new/project_reti_logiche.vhd:]
WARNING: [filemgmt 56-199] Attempt to get parsing info during refresh. "On-the-fly" syntax checking information may be incorrect. [C:/Users/Antonio/Desktop/progetto reti/Reti2025/project_1.srcs/sources_1/new/project_reti_logiche.vhd:]
ERROR: [Common 17-180] Spawn failed: No error
WARNING: [filemgmt 56-199] Attempt to get parsing info during refresh. "On-the-fly" syntax checking information may be incorrect. [C:/Users/Antonio/Desktop/progetto reti/Reti2025/project_1.srcs/sources_1/new/project_reti_logiche.vhd:]
ERROR: [Common 17-180] Spawn failed: No error
WARNING: [filemgmt 56-199] Attempt to get parsing info during refresh. "On-the-fly" syntax checking information may be incorrect. [C:/Users/Antonio/Desktop/progetto reti/Reti2025/project_1.srcs/sources_1/new/project_reti_logiche.vhd:]
ERROR: [Common 17-180] Spawn failed: No error
WARNING: [filemgmt 56-199] Attempt to get parsing info during refresh. "On-the-fly" syntax checking information may be incorrect. [C:/Users/Antonio/Desktop/progetto reti/Reti2025/project_1.srcs/sources_1/new/project_reti_logiche.vhd:]
ERROR: [Common 17-180] Spawn failed: No error
WARNING: [filemgmt 56-199] Attempt to get parsing info during refresh. "On-the-fly" syntax checking information may be incorrect. [C:/Users/Antonio/Desktop/progetto reti/Reti2025/project_1.srcs/sources_1/new/project_reti_logiche.vhd:]
ERROR: [Common 17-180] Spawn failed: No error
WARNING: [filemgmt 56-199] Attempt to get parsing info during refresh. "On-the-fly" syntax checking information may be incorrect. [C:/Users/Antonio/Desktop/progetto reti/Reti2025/project_1.srcs/sources_1/new/project_reti_logiche.vhd:]
WARNING: [filemgmt 56-199] Attempt to get parsing info during refresh. "On-the-fly" syntax checking information may be incorrect. [C:/Users/Antonio/Desktop/progetto reti/Reti2025/project_1.srcs/sources_1/new/project_reti_logiche.vhd:]
ERROR: [Common 17-180] Spawn failed: No error
WARNING: [filemgmt 56-199] Attempt to get parsing info during refresh. "On-the-fly" syntax checking information may be incorrect. [C:/Users/Antonio/Desktop/progetto reti/Reti2025/project_1.srcs/sources_1/new/project_reti_logiche.vhd:]
WARNING: [filemgmt 56-199] Attempt to get parsing info during refresh. "On-the-fly" syntax checking information may be incorrect. [C:/Users/Antonio/Desktop/progetto reti/Reti2025/project_1.srcs/sources_1/new/project_reti_logiche.vhd:]
ERROR: [Common 17-180] Spawn failed: No error
WARNING: [filemgmt 56-199] Attempt to get parsing info during refresh. "On-the-fly" syntax checking information may be incorrect. [C:/Users/Antonio/Desktop/progetto reti/Reti2025/project_1.srcs/sources_1/new/project_reti_logiche.vhd:]
ERROR: [Common 17-180] Spawn failed: No error
WARNING: [filemgmt 56-199] Attempt to get parsing info during refresh. "On-the-fly" syntax checking information may be incorrect. [C:/Users/Antonio/Desktop/progetto reti/Reti2025/project_1.srcs/sources_1/new/project_reti_logiche.vhd:]
WARNING: [filemgmt 56-199] Attempt to get parsing info during refresh. "On-the-fly" syntax checking information may be incorrect. [C:/Users/Antonio/Desktop/progetto reti/Reti2025/project_1.srcs/sources_1/new/project_reti_logiche.vhd:]
ERROR: [Common 17-180] Spawn failed: No error
WARNING: [filemgmt 56-199] Attempt to get parsing info during refresh. "On-the-fly" syntax checking information may be incorrect. [C:/Users/Antonio/Desktop/progetto reti/Reti2025/project_1.srcs/sources_1/new/project_reti_logiche.vhd:]
ERROR: [Common 17-180] Spawn failed: No error
WARNING: [filemgmt 56-199] Attempt to get parsing info during refresh. "On-the-fly" syntax checking information may be incorrect. [C:/Users/Antonio/Desktop/progetto reti/Reti2025/project_1.srcs/sources_1/new/project_reti_logiche.vhd:]
ERROR: [Common 17-180] Spawn failed: No error
WARNING: [filemgmt 56-199] Attempt to get parsing info during refresh. "On-the-fly" syntax checking information may be incorrect. [C:/Users/Antonio/Desktop/progetto reti/Reti2025/project_1.srcs/sources_1/new/project_reti_logiche.vhd:]
ERROR: [Common 17-180] Spawn failed: No error
WARNING: [filemgmt 56-199] Attempt to get parsing info during refresh. "On-the-fly" syntax checking information may be incorrect. [C:/Users/Antonio/Desktop/progetto reti/Reti2025/project_1.srcs/sources_1/new/project_reti_logiche.vhd:]
ERROR: [Common 17-180] Spawn failed: No error
WARNING: [filemgmt 56-199] Attempt to get parsing info during refresh. "On-the-fly" syntax checking information may be incorrect. [C:/Users/Antonio/Desktop/progetto reti/Reti2025/project_1.srcs/sources_1/new/project_reti_logiche.vhd:]
ERROR: [Common 17-180] Spawn failed: No error
WARNING: [filemgmt 56-199] Attempt to get parsing info during refresh. "On-the-fly" syntax checking information may be incorrect. [C:/Users/Antonio/Desktop/progetto reti/Reti2025/project_1.srcs/sources_1/new/project_reti_logiche.vhd:]
WARNING: [filemgmt 56-199] Attempt to get parsing info during refresh. "On-the-fly" syntax checking information may be incorrect. [C:/Users/Antonio/Desktop/progetto reti/Reti2025/project_1.srcs/sources_1/new/project_reti_logiche.vhd:]
ERROR: [Common 17-180] Spawn failed: No error
WARNING: [filemgmt 56-199] Attempt to get parsing info during refresh. "On-the-fly" syntax checking information may be incorrect. [C:/Users/Antonio/Desktop/progetto reti/Reti2025/project_1.srcs/sources_1/new/project_reti_logiche.vhd:]
ERROR: [Common 17-180] Spawn failed: No error
WARNING: [filemgmt 56-199] Attempt to get parsing info during refresh. "On-the-fly" syntax checking information may be incorrect. [C:/Users/Antonio/Desktop/progetto reti/Reti2025/project_1.srcs/sources_1/new/project_reti_logiche.vhd:]
ERROR: [Common 17-180] Spawn failed: No error
WARNING: [filemgmt 56-199] Attempt to get parsing info during refresh. "On-the-fly" syntax checking information may be incorrect. [C:/Users/Antonio/Desktop/progetto reti/Reti2025/project_1.srcs/sources_1/new/project_reti_logiche.vhd:]
WARNING: [filemgmt 56-199] Attempt to get parsing info during refresh. "On-the-fly" syntax checking information may be incorrect. [C:/Users/Antonio/Desktop/progetto reti/Reti2025/project_1.srcs/sources_1/new/project_reti_logiche.vhd:]
ERROR: [Common 17-180] Spawn failed: No error
WARNING: [filemgmt 56-199] Attempt to get parsing info during refresh. "On-the-fly" syntax checking information may be incorrect. [C:/Users/Antonio/Desktop/progetto reti/Reti2025/project_1.srcs/sources_1/new/project_reti_logiche.vhd:]
ERROR: [Common 17-180] Spawn failed: No error
WARNING: [filemgmt 56-199] Attempt to get parsing info during refresh. "On-the-fly" syntax checking information may be incorrect. [C:/Users/Antonio/Desktop/progetto reti/Reti2025/project_1.srcs/sources_1/new/project_reti_logiche.vhd:]
ERROR: [Common 17-180] Spawn failed: No error
WARNING: [filemgmt 56-199] Attempt to get parsing info during refresh. "On-the-fly" syntax checking information may be incorrect. [C:/Users/Antonio/Desktop/progetto reti/Reti2025/project_1.srcs/sources_1/new/project_reti_logiche.vhd:]
ERROR: [Common 17-180] Spawn failed: No error
WARNING: [filemgmt 56-199] Attempt to get parsing info during refresh. "On-the-fly" syntax checking information may be incorrect. [C:/Users/Antonio/Desktop/progetto reti/Reti2025/project_1.srcs/sources_1/new/project_reti_logiche.vhd:]
ERROR: [Common 17-180] Spawn failed: No error
WARNING: [filemgmt 56-199] Attempt to get parsing info during refresh. "On-the-fly" syntax checking information may be incorrect. [C:/Users/Antonio/Desktop/progetto reti/Reti2025/project_1.srcs/sources_1/new/project_reti_logiche.vhd:]
ERROR: [Common 17-180] Spawn failed: No error
WARNING: [filemgmt 56-199] Attempt to get parsing info during refresh. "On-the-fly" syntax checking information may be incorrect. [C:/Users/Antonio/Desktop/progetto reti/Reti2025/project_1.srcs/sources_1/new/project_reti_logiche.vhd:]
WARNING: [filemgmt 56-199] Attempt to get parsing info during refresh. "On-the-fly" syntax checking information may be incorrect. [C:/Users/Antonio/Desktop/progetto reti/Reti2025/project_1.srcs/sources_1/new/project_reti_logiche.vhd:]
ERROR: [Common 17-180] Spawn failed: No error
WARNING: [filemgmt 56-199] Attempt to get parsing info during refresh. "On-the-fly" syntax checking information may be incorrect. [C:/Users/Antonio/Desktop/progetto reti/Reti2025/project_1.srcs/sources_1/new/project_reti_logiche.vhd:]
ERROR: [Common 17-180] Spawn failed: No error
WARNING: [filemgmt 56-199] Attempt to get parsing info during refresh. "On-the-fly" syntax checking information may be incorrect. [C:/Users/Antonio/Desktop/progetto reti/Reti2025/project_1.srcs/sources_1/new/project_reti_logiche.vhd:]
ERROR: [Common 17-180] Spawn failed: No error
WARNING: [filemgmt 56-199] Attempt to get parsing info during refresh. "On-the-fly" syntax checking information may be incorrect. [C:/Users/Antonio/Desktop/progetto reti/Reti2025/project_1.srcs/sources_1/new/project_reti_logiche.vhd:]
WARNING: [filemgmt 56-199] Attempt to get parsing info during refresh. "On-the-fly" syntax checking information may be incorrect. [C:/Users/Antonio/Desktop/progetto reti/Reti2025/project_1.srcs/sources_1/new/project_reti_logiche.vhd:]
ERROR: [Common 17-180] Spawn failed: No error
WARNING: [filemgmt 56-199] Attempt to get parsing info during refresh. "On-the-fly" syntax checking information may be incorrect. [C:/Users/Antonio/Desktop/progetto reti/Reti2025/project_1.srcs/sources_1/new/project_reti_logiche.vhd:]
ERROR: [Common 17-180] Spawn failed: No error
WARNING: [filemgmt 56-199] Attempt to get parsing info during refresh. "On-the-fly" syntax checking information may be incorrect. [C:/Users/Antonio/Desktop/progetto reti/Reti2025/project_1.srcs/sources_1/new/project_reti_logiche.vhd:]
ERROR: [Common 17-180] Spawn failed: No error
WARNING: [filemgmt 56-199] Attempt to get parsing info during refresh. "On-the-fly" syntax checking information may be incorrect. [C:/Users/Antonio/Desktop/progetto reti/Reti2025/project_1.srcs/sources_1/new/project_reti_logiche.vhd:]
ERROR: [Common 17-180] Spawn failed: No error
WARNING: [filemgmt 56-199] Attempt to get parsing info during refresh. "On-the-fly" syntax checking information may be incorrect. [C:/Users/Antonio/Desktop/progetto reti/Reti2025/project_1.srcs/sources_1/new/project_reti_logiche.vhd:]
ERROR: [Common 17-180] Spawn failed: No error
WARNING: [filemgmt 56-199] Attempt to get parsing info during refresh. "On-the-fly" syntax checking information may be incorrect. [C:/Users/Antonio/Desktop/progetto reti/Reti2025/project_1.srcs/sources_1/new/project_reti_logiche.vhd:]
ERROR: [Common 17-180] Spawn failed: No error
WARNING: [filemgmt 56-199] Attempt to get parsing info during refresh. "On-the-fly" syntax checking information may be incorrect. [C:/Users/Antonio/Desktop/progetto reti/Reti2025/project_1.srcs/sources_1/new/project_reti_logiche.vhd:]
ERROR: [Common 17-180] Spawn failed: No error
WARNING: [filemgmt 56-199] Attempt to get parsing info during refresh. "On-the-fly" syntax checking information may be incorrect. [C:/Users/Antonio/Desktop/progetto reti/Reti2025/project_1.srcs/sources_1/new/project_reti_logiche.vhd:]
ERROR: [Common 17-180] Spawn failed: No error
WARNING: [filemgmt 56-199] Attempt to get parsing info during refresh. "On-the-fly" syntax checking information may be incorrect. [C:/Users/Antonio/Desktop/progetto reti/Reti2025/project_1.srcs/sources_1/new/project_reti_logiche.vhd:]
ERROR: [Common 17-180] Spawn failed: No error
WARNING: [filemgmt 56-199] Attempt to get parsing info during refresh. "On-the-fly" syntax checking information may be incorrect. [C:/Users/Antonio/Desktop/progetto reti/Reti2025/project_1.srcs/sources_1/new/project_reti_logiche.vhd:]
ERROR: [Common 17-180] Spawn failed: No error
WARNING: [filemgmt 56-199] Attempt to get parsing info during refresh. "On-the-fly" syntax checking information may be incorrect. [C:/Users/Antonio/Desktop/progetto reti/Reti2025/project_1.srcs/sources_1/new/project_reti_logiche.vhd:]
ERROR: [Common 17-180] Spawn failed: No error
WARNING: [filemgmt 56-199] Attempt to get parsing info during refresh. "On-the-fly" syntax checking information may be incorrect. [C:/Users/Antonio/Desktop/progetto reti/Reti2025/project_1.srcs/sources_1/new/project_reti_logiche.vhd:]
WARNING: [filemgmt 56-199] Attempt to get parsing info during refresh. "On-the-fly" syntax checking information may be incorrect. [C:/Users/Antonio/Desktop/progetto reti/Reti2025/project_1.srcs/sources_1/new/project_reti_logiche.vhd:]
ERROR: [Common 17-180] Spawn failed: No error
WARNING: [filemgmt 56-199] Attempt to get parsing info during refresh. "On-the-fly" syntax checking information may be incorrect. [C:/Users/Antonio/Desktop/progetto reti/Reti2025/project_1.srcs/sources_1/new/project_reti_logiche.vhd:]
ERROR: [Common 17-180] Spawn failed: No error
WARNING: [filemgmt 56-199] Attempt to get parsing info during refresh. "On-the-fly" syntax checking information may be incorrect. [C:/Users/Antonio/Desktop/progetto reti/Reti2025/project_1.srcs/sources_1/new/project_reti_logiche.vhd:]
ERROR: [Common 17-180] Spawn failed: No error
WARNING: [filemgmt 56-199] Attempt to get parsing info during refresh. "On-the-fly" syntax checking information may be incorrect. [C:/Users/Antonio/Desktop/progetto reti/Reti2025/project_1.srcs/sources_1/new/project_reti_logiche.vhd:]
WARNING: [filemgmt 56-199] Attempt to get parsing info during refresh. "On-the-fly" syntax checking information may be incorrect. [C:/Users/Antonio/Desktop/progetto reti/Reti2025/project_1.srcs/sources_1/new/project_reti_logiche.vhd:]
ERROR: [Common 17-180] Spawn failed: No error
WARNING: [filemgmt 56-199] Attempt to get parsing info during refresh. "On-the-fly" syntax checking information may be incorrect. [C:/Users/Antonio/Desktop/progetto reti/Reti2025/project_1.srcs/sources_1/new/project_reti_logiche.vhd:]
ERROR: [Common 17-180] Spawn failed: No error
WARNING: [filemgmt 56-199] Attempt to get parsing info during refresh. "On-the-fly" syntax checking information may be incorrect. [C:/Users/Antonio/Desktop/progetto reti/Reti2025/project_1.srcs/sources_1/new/project_reti_logiche.vhd:]
WARNING: [filemgmt 56-199] Attempt to get parsing info during refresh. "On-the-fly" syntax checking information may be incorrect. [C:/Users/Antonio/Desktop/progetto reti/Reti2025/project_1.srcs/sources_1/new/project_reti_logiche.vhd:]
ERROR: [Common 17-180] Spawn failed: No error
WARNING: [filemgmt 56-199] Attempt to get parsing info during refresh. "On-the-fly" syntax checking information may be incorrect. [C:/Users/Antonio/Desktop/progetto reti/Reti2025/project_1.srcs/sources_1/new/project_reti_logiche.vhd:]
WARNING: [filemgmt 56-199] Attempt to get parsing info during refresh. "On-the-fly" syntax checking information may be incorrect. [C:/Users/Antonio/Desktop/progetto reti/Reti2025/project_1.srcs/sources_1/new/project_reti_logiche.vhd:]
ERROR: [Common 17-180] Spawn failed: No error
WARNING: [filemgmt 56-199] Attempt to get parsing info during refresh. "On-the-fly" syntax checking information may be incorrect. [C:/Users/Antonio/Desktop/progetto reti/Reti2025/project_1.srcs/sources_1/new/project_reti_logiche.vhd:]
ERROR: [Common 17-180] Spawn failed: No error
WARNING: [filemgmt 56-199] Attempt to get parsing info during refresh. "On-the-fly" syntax checking information may be incorrect. [C:/Users/Antonio/Desktop/progetto reti/Reti2025/project_1.srcs/sources_1/new/project_reti_logiche.vhd:]
ERROR: [Common 17-180] Spawn failed: No error
WARNING: [filemgmt 56-199] Attempt to get parsing info during refresh. "On-the-fly" syntax checking information may be incorrect. [C:/Users/Antonio/Desktop/progetto reti/Reti2025/project_1.srcs/sources_1/new/project_reti_logiche.vhd:]
ERROR: [Common 17-180] Spawn failed: No error
WARNING: [filemgmt 56-199] Attempt to get parsing info during refresh. "On-the-fly" syntax checking information may be incorrect. [C:/Users/Antonio/Desktop/progetto reti/Reti2025/project_1.srcs/sources_1/new/project_reti_logiche.vhd:]
ERROR: [Common 17-180] Spawn failed: No error
WARNING: [filemgmt 56-199] Attempt to get parsing info during refresh. "On-the-fly" syntax checking information may be incorrect. [C:/Users/Antonio/Desktop/progetto reti/Reti2025/project_1.srcs/sources_1/new/project_reti_logiche.vhd:]
ERROR: [Common 17-180] Spawn failed: No error
WARNING: [filemgmt 56-199] Attempt to get parsing info during refresh. "On-the-fly" syntax checking information may be incorrect. [C:/Users/Antonio/Desktop/progetto reti/Reti2025/project_1.srcs/sources_1/new/project_reti_logiche.vhd:]
ERROR: [Common 17-180] Spawn failed: No error
WARNING: [filemgmt 56-199] Attempt to get parsing info during refresh. "On-the-fly" syntax checking information may be incorrect. [C:/Users/Antonio/Desktop/progetto reti/Reti2025/project_1.srcs/sources_1/new/project_reti_logiche.vhd:]
ERROR: [Common 17-180] Spawn failed: No error
WARNING: [filemgmt 56-199] Attempt to get parsing info during refresh. "On-the-fly" syntax checking information may be incorrect. [C:/Users/Antonio/Desktop/progetto reti/Reti2025/project_1.srcs/sources_1/new/project_reti_logiche.vhd:]
ERROR: [Common 17-180] Spawn failed: No error
WARNING: [filemgmt 56-199] Attempt to get parsing info during refresh. "On-the-fly" syntax checking information may be incorrect. [C:/Users/Antonio/Desktop/progetto reti/Reti2025/project_1.srcs/sources_1/new/project_reti_logiche.vhd:]
ERROR: [Common 17-180] Spawn failed: No error
WARNING: [filemgmt 56-199] Attempt to get parsing info during refresh. "On-the-fly" syntax checking information may be incorrect. [C:/Users/Antonio/Desktop/progetto reti/Reti2025/project_1.srcs/sources_1/new/project_reti_logiche.vhd:]
ERROR: [Common 17-180] Spawn failed: No error
WARNING: [filemgmt 56-199] Attempt to get parsing info during refresh. "On-the-fly" syntax checking information may be incorrect. [C:/Users/Antonio/Desktop/progetto reti/Reti2025/project_1.srcs/sources_1/new/project_reti_logiche.vhd:]
WARNING: [filemgmt 56-199] Attempt to get parsing info during refresh. "On-the-fly" syntax checking information may be incorrect. [C:/Users/Antonio/Desktop/progetto reti/Reti2025/project_1.srcs/sources_1/new/project_reti_logiche.vhd:]
ERROR: [Common 17-180] Spawn failed: No error
WARNING: [filemgmt 56-199] Attempt to get parsing info during refresh. "On-the-fly" syntax checking information may be incorrect. [C:/Users/Antonio/Desktop/progetto reti/Reti2025/project_1.srcs/sources_1/new/project_reti_logiche.vhd:]
ERROR: [Common 17-180] Spawn failed: No error
WARNING: [filemgmt 56-199] Attempt to get parsing info during refresh. "On-the-fly" syntax checking information may be incorrect. [C:/Users/Antonio/Desktop/progetto reti/Reti2025/project_1.srcs/sources_1/new/project_reti_logiche.vhd:]
ERROR: [Common 17-180] Spawn failed: No error
WARNING: [filemgmt 56-199] Attempt to get parsing info during refresh. "On-the-fly" syntax checking information may be incorrect. [C:/Users/Antonio/Desktop/progetto reti/Reti2025/project_1.srcs/sources_1/new/project_reti_logiche.vhd:]
ERROR: [Common 17-180] Spawn failed: No error
WARNING: [filemgmt 56-199] Attempt to get parsing info during refresh. "On-the-fly" syntax checking information may be incorrect. [C:/Users/Antonio/Desktop/progetto reti/Reti2025/project_1.srcs/sources_1/new/project_reti_logiche.vhd:]
ERROR: [Common 17-180] Spawn failed: No error
WARNING: [filemgmt 56-199] Attempt to get parsing info during refresh. "On-the-fly" syntax checking information may be incorrect. [C:/Users/Antonio/Desktop/progetto reti/Reti2025/project_1.srcs/sources_1/new/project_reti_logiche.vhd:]
ERROR: [Common 17-180] Spawn failed: No error
WARNING: [filemgmt 56-199] Attempt to get parsing info during refresh. "On-the-fly" syntax checking information may be incorrect. [C:/Users/Antonio/Desktop/progetto reti/Reti2025/project_1.srcs/sources_1/new/project_reti_logiche.vhd:]
ERROR: [Common 17-180] Spawn failed: No error
WARNING: [filemgmt 56-199] Attempt to get parsing info during refresh. "On-the-fly" syntax checking information may be incorrect. [C:/Users/Antonio/Desktop/progetto reti/Reti2025/project_1.srcs/sources_1/new/project_reti_logiche.vhd:]
ERROR: [Common 17-180] Spawn failed: No error
WARNING: [filemgmt 56-199] Attempt to get parsing info during refresh. "On-the-fly" syntax checking information may be incorrect. [C:/Users/Antonio/Desktop/progetto reti/Reti2025/project_1.srcs/sources_1/new/project_reti_logiche.vhd:]
ERROR: [Common 17-180] Spawn failed: No error
WARNING: [filemgmt 56-199] Attempt to get parsing info during refresh. "On-the-fly" syntax checking information may be incorrect. [C:/Users/Antonio/Desktop/progetto reti/Reti2025/project_1.srcs/sources_1/new/project_reti_logiche.vhd:]
ERROR: [Common 17-180] Spawn failed: No error
WARNING: [filemgmt 56-199] Attempt to get parsing info during refresh. "On-the-fly" syntax checking information may be incorrect. [C:/Users/Antonio/Desktop/progetto reti/Reti2025/project_1.srcs/sources_1/new/project_reti_logiche.vhd:]
ERROR: [Common 17-180] Spawn failed: No error
WARNING: [filemgmt 56-199] Attempt to get parsing info during refresh. "On-the-fly" syntax checking information may be incorrect. [C:/Users/Antonio/Desktop/progetto reti/Reti2025/project_1.srcs/sources_1/new/project_reti_logiche.vhd:]
ERROR: [Common 17-180] Spawn failed: No error
WARNING: [filemgmt 56-199] Attempt to get parsing info during refresh. "On-the-fly" syntax checking information may be incorrect. [C:/Users/Antonio/Desktop/progetto reti/Reti2025/project_1.srcs/sources_1/new/project_reti_logiche.vhd:]
ERROR: [Common 17-180] Spawn failed: No error
WARNING: [filemgmt 56-199] Attempt to get parsing info during refresh. "On-the-fly" syntax checking information may be incorrect. [C:/Users/Antonio/Desktop/progetto reti/Reti2025/project_1.srcs/sources_1/new/project_reti_logiche.vhd:]
ERROR: [Common 17-180] Spawn failed: No error
WARNING: [filemgmt 56-199] Attempt to get parsing info during refresh. "On-the-fly" syntax checking information may be incorrect. [C:/Users/Antonio/Desktop/progetto reti/Reti2025/project_1.srcs/sources_1/new/project_reti_logiche.vhd:]
ERROR: [Common 17-180] Spawn failed: No error
WARNING: [filemgmt 56-199] Attempt to get parsing info during refresh. "On-the-fly" syntax checking information may be incorrect. [C:/Users/Antonio/Desktop/progetto reti/Reti2025/project_1.srcs/sources_1/new/project_reti_logiche.vhd:]
ERROR: [Common 17-180] Spawn failed: No error
WARNING: [filemgmt 56-199] Attempt to get parsing info during refresh. "On-the-fly" syntax checking information may be incorrect. [C:/Users/Antonio/Desktop/progetto reti/Reti2025/project_1.srcs/sources_1/new/project_reti_logiche.vhd:]
ERROR: [Common 17-180] Spawn failed: No error
WARNING: [filemgmt 56-199] Attempt to get parsing info during refresh. "On-the-fly" syntax checking information may be incorrect. [C:/Users/Antonio/Desktop/progetto reti/Reti2025/project_1.srcs/sources_1/new/project_reti_logiche.vhd:]
ERROR: [Common 17-180] Spawn failed: No error
WARNING: [filemgmt 56-199] Attempt to get parsing info during refresh. "On-the-fly" syntax checking information may be incorrect. [C:/Users/Antonio/Desktop/progetto reti/Reti2025/project_1.srcs/sources_1/new/project_reti_logiche.vhd:]
ERROR: [Common 17-180] Spawn failed: No error
WARNING: [filemgmt 56-199] Attempt to get parsing info during refresh. "On-the-fly" syntax checking information may be incorrect. [C:/Users/Antonio/Desktop/progetto reti/Reti2025/project_1.srcs/sources_1/new/project_reti_logiche.vhd:]
ERROR: [Common 17-180] Spawn failed: No error
WARNING: [filemgmt 56-199] Attempt to get parsing info during refresh. "On-the-fly" syntax checking information may be incorrect. [C:/Users/Antonio/Desktop/progetto reti/Reti2025/project_1.srcs/sources_1/new/project_reti_logiche.vhd:]
WARNING: [filemgmt 56-199] Attempt to get parsing info during refresh. "On-the-fly" syntax checking information may be incorrect. [C:/Users/Antonio/Desktop/progetto reti/Reti2025/project_1.srcs/sources_1/new/project_reti_logiche.vhd:]
ERROR: [Common 17-180] Spawn failed: No error
WARNING: [filemgmt 56-199] Attempt to get parsing info during refresh. "On-the-fly" syntax checking information may be incorrect. [C:/Users/Antonio/Desktop/progetto reti/Reti2025/project_1.srcs/sources_1/new/project_reti_logiche.vhd:]
ERROR: [Common 17-180] Spawn failed: No error
WARNING: [filemgmt 56-199] Attempt to get parsing info during refresh. "On-the-fly" syntax checking information may be incorrect. [C:/Users/Antonio/Desktop/progetto reti/Reti2025/project_1.srcs/sources_1/new/project_reti_logiche.vhd:]
ERROR: [Common 17-180] Spawn failed: No error
WARNING: [filemgmt 56-199] Attempt to get parsing info during refresh. "On-the-fly" syntax checking information may be incorrect. [C:/Users/Antonio/Desktop/progetto reti/Reti2025/project_1.srcs/sources_1/new/project_reti_logiche.vhd:]
ERROR: [Common 17-180] Spawn failed: No error
WARNING: [filemgmt 56-199] Attempt to get parsing info during refresh. "On-the-fly" syntax checking information may be incorrect. [C:/Users/Antonio/Desktop/progetto reti/Reti2025/project_1.srcs/sources_1/new/project_reti_logiche.vhd:]
ERROR: [Common 17-180] Spawn failed: No error
WARNING: [filemgmt 56-199] Attempt to get parsing info during refresh. "On-the-fly" syntax checking information may be incorrect. [C:/Users/Antonio/Desktop/progetto reti/Reti2025/project_1.srcs/sources_1/new/project_reti_logiche.vhd:]
ERROR: [Common 17-180] Spawn failed: No error
WARNING: [filemgmt 56-199] Attempt to get parsing info during refresh. "On-the-fly" syntax checking information may be incorrect. [C:/Users/Antonio/Desktop/progetto reti/Reti2025/project_1.srcs/sources_1/new/project_reti_logiche.vhd:]
INFO: [Common 17-14] Message 'filemgmt 56-199' appears 100 times and further instances of the messages will be disabled. Use the Tcl command set_msg_config to change the current settings.
ERROR: [Common 17-180] Spawn failed: No error
ERROR: [Common 17-180] Spawn failed: No error
ERROR: [Common 17-180] Spawn failed: No error
ERROR: [Common 17-180] Spawn failed: No error
ERROR: [Common 17-180] Spawn failed: No error
ERROR: [Common 17-180] Spawn failed: No error
ERROR: [Common 17-180] Spawn failed: No error
ERROR: [Common 17-180] Spawn failed: No error
ERROR: [Common 17-180] Spawn failed: No error
ERROR: [Common 17-180] Spawn failed: No error
ERROR: [Common 17-180] Spawn failed: No error
ERROR: [Common 17-180] Spawn failed: No error
ERROR: [Common 17-180] Spawn failed: No error
ERROR: [Common 17-180] Spawn failed: No error
ERROR: [Common 17-180] Spawn failed: No error
INFO: [Common 17-14] Message 'Common 17-180' appears 100 times and further instances of the messages will be disabled. Use the Tcl command set_msg_config to change the current settings.
close_project
exit
INFO: [Common 17-206] Exiting Vivado at Wed Jul 23 18:19:56 2025...
